// Vitest Snapshot v1, https://vitest.dev/guide/snapshot.html

exports[`matches snapshot 1`] = `
<div>
  <div
    class="Snowman"
  >
    <img
      alt="0"
      src="/src/0.png"
    />
    <p>
      Number wrong: 
      0
    </p>
    <p
      class="Snowman-word"
    >
      _
      _
      _
      _
      _
    </p>
    <p>
      <button
        class="a"
        value="a"
      >
        a
      </button>
      <button
        class="b"
        value="b"
      >
        b
      </button>
      <button
        class="c"
        value="c"
      >
        c
      </button>
      <button
        class="d"
        value="d"
      >
        d
      </button>
      <button
        class="e"
        value="e"
      >
        e
      </button>
      <button
        class="f"
        value="f"
      >
        f
      </button>
      <button
        class="g"
        value="g"
      >
        g
      </button>
      <button
        class="h"
        value="h"
      >
        h
      </button>
      <button
        class="i"
        value="i"
      >
        i
      </button>
      <button
        class="j"
        value="j"
      >
        j
      </button>
      <button
        class="k"
        value="k"
      >
        k
      </button>
      <button
        class="l"
        value="l"
      >
        l
      </button>
      <button
        class="m"
        value="m"
      >
        m
      </button>
      <button
        class="n"
        value="n"
      >
        n
      </button>
      <button
        class="o"
        value="o"
      >
        o
      </button>
      <button
        class="p"
        value="p"
      >
        p
      </button>
      <button
        class="q"
        value="q"
      >
        q
      </button>
      <button
        class="r"
        value="r"
      >
        r
      </button>
      <button
        class="s"
        value="s"
      >
        s
      </button>
      <button
        class="t"
        value="t"
      >
        t
      </button>
      <button
        class="u"
        value="u"
      >
        u
      </button>
      <button
        class="v"
        value="v"
      >
        v
      </button>
      <button
        class="w"
        value="w"
      >
        w
      </button>
      <button
        class="x"
        value="x"
      >
        x
      </button>
      <button
        class="y"
        value="y"
      >
        y
      </button>
      <button
        class="z"
        value="z"
      >
        z
      </button>
    </p>
  </div>
</div>
`;
